// Jest Snapshot v1, https://goo.gl/fbAQLP

exports[`<Projects /> should render Projects correctly 1`] = `
<React.Fragment>
  <h1>
    Projects
  </h1>
  <Component
    projects={
      Array [
        Object {
          "description": "TO-DO: create projects list",
          "id": 1,
          "title": "Tasky",
        },
        Object {
          "description": "some sample project",
          "id": 2,
          "title": "Sample",
        },
      ]
    }
  />
</React.Fragment>
`;
