// Jest Snapshot v1, https://goo.gl/fbAQLP

exports[`<ProjectItem /> should render ProjectItem component with proper data 1`] = `
<Link
  className="projects__item"
  replace={false}
  to="/projects/1"
>
  <div
    className="projects__title"
  >
    Sample 1
  </div>
  <div
    className="projects__description"
  >
    some sample project 1
  </div>
</Link>
`;
